// Jest Snapshot v1, https://goo.gl/fbAQLP

exports[`Render Sidebar render sidebar 1`] = `
<ul
  className="toc"
>
  <li
    className="toc__item"
  >
    <a
      aria-current={null}
      className="toc__a"
      href="/processes"
      onClick={[Function]}
    >
      Processes
    </a>
  </li>
  <li
    className="toc__item"
  >
    <a
      aria-current={null}
      className="toc__a"
      href="/process elements"
      onClick={[Function]}
    >
      Process Elements
    </a>
  </li>
  <li
    className="toc__item"
  >
    <a
      aria-current={null}
      className="toc__a"
      href="/techniques"
      onClick={[Function]}
    >
      Techniques
    </a>
  </li>
  <li
    className="toc__item"
  >
    <a
      aria-current={null}
      className="toc__a"
      href="/experiences"
      onClick={[Function]}
    >
      Experiences
    </a>
  </li>
</ul>
`;
